C:\Users\ramya\OneDrive\Desktop\project\nutri-tracker-backend\src\main\java\com\nutri\config\WebConfig.java
C:\Users\ramya\OneDrive\Desktop\project\nutri-tracker-backend\src\main\java\com\nutri\controller\HelloController.java
C:\Users\ramya\OneDrive\Desktop\project\nutri-tracker-backend\src\main\java\com\nutri\controller\NutritionController.java
C:\Users\ramya\OneDrive\Desktop\project\nutri-tracker-backend\src\main\java\com\nutri\controller\UserController.java
C:\Users\ramya\OneDrive\Desktop\project\nutri-tracker-backend\src\main\java\com\nutri\model\NutritionResult.java
C:\Users\ramya\OneDrive\Desktop\project\nutri-tracker-backend\src\main\java\com\nutri\model\User.java
C:\Users\ramya\OneDrive\Desktop\project\nutri-tracker-backend\src\main\java\com\nutri\NutriTrackerApplication.java
C:\Users\ramya\OneDrive\Desktop\project\nutri-tracker-backend\src\main\java\com\nutri\repository\NutritionResultRepository.java
C:\Users\ramya\OneDrive\Desktop\project\nutri-tracker-backend\src\main\java\com\nutri\repository\UserRepository.java
C:\Users\ramya\OneDrive\Desktop\project\nutri-tracker-backend\src\main\java\com\nutri\service\NutritionService.java
C:\Users\ramya\OneDrive\Desktop\project\nutri-tracker-backend\src\main\java\com\nutri\service\UserService.java
